OVERVIEW:
File size: 2 lines, 14 characters
Letter scripts: 3
    LATIN (9 instances)
    GREEK (1 instance): ο
    CYRILLIC (1 instance): е
Number scripts: 0
Other character groups: 1
    ASCII_PUNCTUATION (1 instance): !
Words with characters from multiple scripts: 1 category, 1 unique type, 1 instance

DETAILS:
Non-canonical character combinations: 0
Character conflict sets: 0
WORDS WITH CHARACTERS FROM MULTIPLE SCRIPTS (CYRILLIC, GREEK, LATIN):
    Hеllο count: 1, line: 1
ASCII_PUNCTUATION characters:
    ! U+0021 EXCLAMATION MARK count: 1, line: 1
BASIC_LATIN characters:
    H U+0048 LATIN CAPITAL LETTER H count: 1, example: Hеllο (l.1)
    T U+0054 LATIN CAPITAL LETTER T count: 1, example: Tschüß (l.2)
    c U+0063 LATIN SMALL LETTER C count: 1, example: Tschüß (l.2)
    h U+0068 LATIN SMALL LETTER H count: 1, example: Tschüß (l.2)
    l U+006C LATIN SMALL LETTER L count: 2, example: Hеllο (l.1)
    s U+0073 LATIN SMALL LETTER S count: 1, example: Tschüß (l.2)
LATIN_EXTENDED_LETTER characters:
    ß U+00DF LATIN SMALL LETTER SHARP S count: 1, example: Tschüß (l.2)
    ü U+00FC LATIN SMALL LETTER U WITH DIAERESIS count: 1, example: Tschüß (l.2)
CYRILLIC characters:
    е U+0435 CYRILLIC SMALL LETTER IE count: 1, example: Hеllο (l.1)
GREEK characters:
    ο U+03BF GREEK SMALL LETTER OMICRON count: 1, example: Hеllο (l.1)
TOKENS WITH ! (U+0021 EXCLAMATION MARK):
    Word! count: 1, example: Hеllο! (l.1)
